// Jest Snapshot v1, https://goo.gl/fbAQLP

exports[`CartIcon Component matches snapshot 1`] = `
<View
  style={
    {
      "height": 36,
      "width": 36,
    }
  }
  testID="cart-icon"
>
  <Text
    accessibilityElementsHidden={true}
    allowFontScaling={false}
    importantForAccessibility="no-hide-descendants"
    pointerEvents="none"
    selectable={false}
    style={
      [
        {
          "color": "rgba(28, 27, 31, 1)",
          "fontSize": 36,
        },
        [
          {
            "lineHeight": 36,
            "transform": [
              {
                "scaleX": 1,
              },
            ],
          },
          {
            "backgroundColor": "transparent",
          },
        ],
        {
          "fontFamily": "material-community",
          "fontStyle": "normal",
          "fontWeight": "normal",
        },
        {},
      ]
    }
  >
    Û∞Ñê
  </Text>
  <Text
    collapsable={false}
    numberOfLines={1}
    style={
      {
        "alignSelf": "flex-end",
        "backgroundColor": "rgba(179, 38, 30, 1)",
        "borderRadius": 10,
        "color": "rgba(255, 255, 255, 1)",
        "fontSize": 10,
        "height": 20,
        "lineHeight": 10,
        "minWidth": 20,
        "opacity": 1,
        "overflow": "hidden",
        "paddingHorizontal": 3,
        "position": "absolute",
        "textAlign": "center",
        "textAlignVertical": "center",
      }
    }
    testID="cart-icon-cart-badge"
  >
    5
  </Text>
</View>
`;
