// Jest Snapshot v1, https://goo.gl/fbAQLP

exports[`RootErrorBoundary Component matches snapshot 1`] = `[Function]`;
